pakala_ccd_base.json
sm8735_default_sensors.json
sm8735_dynamic_sensors.json
sns_gyro_cal_dynamic.json
chre_dynamic_sensors.json
lsm6dso_0.json
sm8735_lsm6dso_0.json
sm8735_qmc6308_0.json
qmc6308_0.json
sm8735_mmc56x3x_0.json
stk3bcx_0.json
sm8735_stk3bcx_0.json
sm8735_sip1328.json
sm8735_sx937x_0.json
sx937x_0.json
sx937x_reg_0.json
sns_aont.json
sns_ccd_v1_0_amd.json
sns_ccd_v1_0_ttw.json
sns_ccd_v2_0_walk.json
sns_ccd_v3_0_walk.json
sns_ccd_v3_1_walk.json
sns_ccd_v4_0_sensors.json
sns_ccd_v4_0_te_cd_regs.json
sns_ccd_v5_0.json
sns_ccd_v6_0.json
sns_ccd_v5_0_te_cd_regs.json
sns_ccd_v5_1_te_cd_regs.json
sns_ccd_v6_0_te_cd_regs.json
sns_ccd_v6_0_sensors.json
sns_bring_to_ear.json
sns_cm.json
sns_dae.json
sns_device_orient.json
sns_diag_filter.json
sns_direct_channel.json
sns_distance_bound.json
sns_dpc.json
sns_facing.json
sns_fmv.json
sns_fmv_legacy.json
sns_gyro_cal.json
sns_mag_cal.json
sns_mag_cal_legacy.json
sns_offbody_detect_phone.json
sns_pedometer.json
sns_rmd.json
sns_rotv.json
sns_sar_algo.json
sns_smd.json
sns_tilt.json
sns_tilt_sw_disabled.json
sns_tilt_sw_enabled.json
sns_tilt_to_wake.json
qsh_ble.json
pakala_qsh_ble_0.json
sm8735_irq.json
sm8735_power_0.json
sns_amd.json
sns_amd_sw_disabled.json
sns_amd_sw_enabled.json
sns_screen_down.json
sns_collision_detection.json
sns_geomag_rv.json
sns_oem_hall.json